// Jest Snapshot v1, https://goo.gl/fbAQLP

exports[`Header Renders correctly 1`] = `
<header
  className="header"
>
  <div
    className="header-logo"
  >
    <img
      alt="Site Logo"
      src="/media/logo.png"
    />
  </div>
  <div
    className="header-links"
    style={
      Object {
        "transform": "translateX(0.5rem)",
      }
    }
  >
    <a
      className="header-link"
      href="/"
      style={
        Object {
          "color": "black",
          "textDecoration": "none",
        }
      }
    >
      HOME
    </a>
    <a
      className="header-link"
      href="/"
      style={
        Object {
          "color": "black",
          "textDecoration": "none",
        }
      }
    >
      SHOP
      <img
        src="/media/chevron-down-solid.svg"
        style={
          Object {
            "height": "0.7rem",
            "marginLeft": "0.3rem",
            "width": "0.7rem",
          }
        }
      />
    </a>
    <a
      className="header-link"
      href="/"
      style={
        Object {
          "color": "black",
          "textDecoration": "none",
        }
      }
    >
      JOURNAL
    </a>
    <a
      className="header-link"
      href="/"
      style={
        Object {
          "color": "black",
          "textDecoration": "none",
        }
      }
    >
      MORE
      <img
        src="/media/chevron-down-solid.svg"
        style={
          Object {
            "height": "0.7rem",
            "marginLeft": "0.3rem",
            "width": "0.7rem",
          }
        }
      />
    </a>
  </div>
  <div
    className="cart-icon"
  >
    <div
      onClick={[Function]}
      style={
        Object {
          "cursor": "pointer",
        }
      }
    >
      <p
        className="my-cart"
        style={Object {}}
      >
        MY CART
        
      </p>
      <img
        src="/media/chevron-down-solid.svg"
        style={
          Object {
            "height": "0.7rem",
            "marginLeft": "0.5rem",
            "width": "0.7rem",
          }
        }
      />
    </div>
    <div
      className="cart-popup"
      style={
        Object {
          "display": "none",
        }
      }
    >
      <div
        className="popup-items-container"
      >
        <div
          style={
            Object {
              "padding": "1rem",
              "textAlign": "center",
            }
          }
        >
          No Items in Cart
        </div>
      </div>
      <hr
        style={
          Object {
            "height": "1px",
            "margin": "0",
            "width": "100%",
          }
        }
      />
      <div
        className="popup-footer"
        style={
          Object {
            "margin": "1rem 1rem 0 1rem",
          }
        }
      >
        <p>
          TOTAL
        </p>
        <p>
          $
          0.00
        </p>
      </div>
      <div
        className="popup-footer"
      >
        <a
          className="popup-footer-view"
          href="/cart"
          onClick={[Function]}
        >
          VIEW CART
        </a>
        <button
          className="popup-footer-checkout"
        >
          CHECKOUT
        </button>
      </div>
    </div>
  </div>
</header>
`;
